d"ï¿½ï¿½ï¿½ï¿½5
[0;32mI (179) appï¿½ESP-ROM:esp32s3-20210327[0m
Build:Mar 27 2021
rst:0x1 (POWERON),boot:0x38 (SPI_FAST_FLASH_BOOT)
SPIWP:0xee
mode:DIO, clock div:1
load:0x3fce2810,len:0x15a0
load:0x403c8700,len:0x4
load:0x403c8704,len:0xd20
load:0x403cb700,len:0x2ee4
entry 0x403c8928
[0;32mI (27) boot: ESP-IDF v5.4 2nd stage bootloader[0m
[0;32mI (27) boot: compile time Jan 21 2025 22:43:25[0m
[0;32mI (27) boot: Multicore bootloader[0m
[0;32mI (27) boot: chip revision: v0.2[0m
[0;32mI (30) boot: efuse block revision: v1.3[0m
[0;32mI (33) boot.esp32s3: Boot SPI Speed : 80MHz[0m
[0;32mI (37) boot.esp32s3: SPI Mode       : DIO[0m
[0;32mI (41) boot.esp32s3: SPI Flash Size : 2MB[0m
[0;32mI (45) boot: Enabling RNG early entropy source...[0m
[0;32mI (49) boot: Partition Table:[0m
[0;32mI (52) boot: ## Label            Usage          Type ST Offset   Length[0m
[0;32mI (58) boot:  0 nvs              WiFi data        01 02 00009000 00006000[0m
[0;32mI (65) boot:  1 phy_init         RF data          01 01 0000f000 00001000[0m
[0;32mI (71) boot:  2 factory          factory app      00 00 00010000 00100000[0m
[0;32mI (78) boot: End of partition table[0m
[0;32mI (81) esp_image: segment 0: paddr=00010020 vaddr=3c020020 size=0bc10h ( 48144) map[0m
[0;32mI (97) esp_image: segment 1: paddr=0001bc38 vaddr=3fc93a00 size=02cfch ( 11516) load[0m
[0;32mI (100) esp_image: segment 2: paddr=0001e93c vaddr=40374000 size=016dch (  5852) load[0m
[0;32mI (105) esp_image: segment 3: paddr=00020020 vaddr=42000020 size=1b670h (112240) map[0m
[0;32mI (131) esp_image: segment 4: paddr=0003b698 vaddr=403756dc size=0e240h ( 57920) load[0m
[0;32mI (143) esp_image: segment 5: paddr=000498e0 vaddr=600fe100 size=0001ch (    28) load[0m
[0;32mI (150) boot: Loaded app from partition at offset 0x10000[0m
[0;32mI (150) boot: Disabling RNG early entropy source...[0m
[0;32mI (161) cpu_start: Multicore app[0m
[0;32mI (170) cpu_start: Pro cpu start user code[0m
[0;32mI (170) cpu_start: cpu freq: 160000000 Hz[0m
[0;32mI (170) app_init: Application information:[0m
[0;32mI (170) app_init: Project name:     03_WS_Blink[0m
[0;32mI (175) app_init: App version:      120e481-dirty[0m
[0;32mI (179) app_init: Compile time:     Jan 21 2025 22:43:18[0m
[0;32mI (184) app_init: ELF file SHA256:  324b68a0c...[0m
[0;32mI (188) app_init: ESP-IDF:          v5.4[0m
[0;32mI (192) efuse_init: Min chip rev:     v0.0[0m
[0;32mI (196) efuse_init: Max chip rev:     v0.99 [0m
[0;32mI (200) efuse_init: Chip rev:         v0.2[0m
[0;32mI (204) heap_init: Initializing. RAM available for dynamic allocation:[0m
[0;32mI (210) heap_init: At 3FC96FD8 len 00052738 (329 KiB): RAM[0m
[0;32mI (215) heap_init: At 3FCE9710 len 00005724 (21 KiB): RAM[0m
[0;32mI (220) heap_init: At 3FCF0000 len 00008000 (32 KiB): DRAM[0m
[0;32mI (225) heap_init: At 600FE11C len 00001ECC (7 KiB): RTCRAM[0m
[0;32mI (232) spi_flash: detected chip: boya[0m
[0;32mI (234) spi_flash: flash io: dio[0m
[0;33mW (237) spi_flash: Detected size(16384k) larger than the size in the binary image header(2048k). Using the size in the binary image header.[0m
[0;32mI (250) sleep_gpio: Configure to isolate all GPIO pins in sleep state[0m
[0;32mI (256) sleep_gpio: Enable automatic switching of GPIO sleep configuration[0m
[0;32mI (263) main_task: Started on CPU0[0m
[0;32mI (283) main_task: Calling app_main()[0m
[0;32mI (283) WS: LED init![0m
[0;32mI (283) WS: Turning the LED OFF![0m
[0;32mI (1283) WS: Turning the LED ON![0m
[0;32mI (2283) WS: Turning the LED OFF![0m
[0;32mI (3283) WS: Turning the LED ON![0m
[0;32mI (4283) WS: Turning the LED OFF![0m
[0;32mI (5283) WS: Turning the LED ON![0m
[0;32mI (6283) WS: Turning the LED OFF![0m
[0;32mI (7283) WS: Turning the LED ON![0m
[0;32mI (8283) WS: Turning the LED OFF![0m
[0;32mI (9283) WS: Turning the LED ON![0m
[0;32mI (10283) WS: Turning the LED OFF![0m
[0;32mI (11283) WS: Turning the LED ON![0m
[0;32mI (12283) WS: Turning the LED OFF![0m
[0;32mI (13283) WS: Turning the LED ON![0m
[0;32mI (14283) WS: Turning the LED OFF![0m
[0;32mI (15283) WS: Turning the LED ON![0m
[0;32mI (16283) WS: Turning the LED OFF![0m
[0;32mI (17283) WS: Turning the LED ON![0m
[0;32mI (18283) WS: Turning the LED OFF![0m
[0;32mI (19283) WS: Turning the LED ON![0m
[0;32mI (20283) WS: Turning the LED OFF![0m
[0;32mI (21283) WS: Turning the LED ON![0m
[0;32mI (22283) WS: Turning the LED OFF![0m
[0;32mI (23283) WS: Turning the LED ON![0m
[0;32mI (24283) WS: Turning the LED OFF![0m
[0;32mI (25283) WS: Turning the LED ON![0m
[0;32mI (26283) WS: Turning the LED OFF![0m
[0;32mI (27283) WS: Turning the LED ON![0m
[0;32mI (28283) WS: Turning the LED OFF![0m
[0;32mI (29283) WS: Turning the LED ON![0m
[0;32mI (30283) WS: Turning the LED OFF![0m
[0;32mI (31283) WS: Turning the LED ON![0m
[0;32mI (32283) WS: Turning the LED OFF![0m
[0;32mI (33283) WS: Turning the LED ON![0m
[0;32mI (34283) WS: Turning the LED OFF![0m
[0;32mI (35283) WS: Turning the LED ON![0m
[0;32mI (36283) WS: Turning the LED OFF![0m
[0;32mI (37283) WS: Turning the LED ON![0m
[0;32mI (38283) WS: Turning the LED OFF![0m
[0;32mI (39283) WS: Turning the LED ON![0m
[0;32mI (40283) WS: Turning the LED OFF![0m
[0;32mI (41283) WS: Turning the LED ON![0m
[0;32mI (42283) WS: Turning the LED OFF![0m
[0;32mI (43283) WS: Turning the LED ON![0m
[0;32mI (44283) WS: Turning the LED OFF![0m
[0;32mI (45283) WS: Turning the LED ON![0m
[0;32mI (46283) WS: Turning the LED OFF![0m
[0;32mI (47283) WS: Turning the LED ON![0m
[0;32mI (48283) WS: Turning the LED OFF![0m
[0;32mI (49283) WS: Turning the LED ON![0m
[0;32mI (50283) WS: Turning the LED OFF![0m
[0;32mI (51283) WS: Turning the LED ON![0m
[0;32mI (52283) WS: Turning the LED OFF![0m
[0;32mI (53283) WS: Turning the LED ON![0m
[0;32mI (54283) WS: Turning the LED OFF![0m
[0;32mI (55283) WS: Turning the LED ON![0m
[0;32mI (56283) WS: Turning the LED OFF![0m
[0;32mI (57283) WS: Turning the LED ON![0m
[0;32mI (58283) WS: Turning the LED OFF![0m
[0;32mI (59283) WS: Turning the LED ON![0m
[0;32mI (60283) WS: Turning the LED OFF![0m
[0;32mI (61283) WS: Turning the LED ON![0m
[0;32mI (62283) WS: Turning the LED OFF![0m
[0;32mI (63283) WS: Turning the LED ON![0m
[0;32mI (64283) WS: Turning the LED OFF![0m
[0;32mI (65283) WS: Turning the LED ON![0m
[0;32mI (66283) WS: Turning the LED OFF![0m
[0;32mI (67283) WS: Turning the LED ON![0m
[0;32mI (68283) WS: Turning the LED OFF![0m
[0;32mI (69283) WS: Turning the LED ON![0m
[0;32mI (70283) WS: Turning the LED OFF![0m
[0;32mI (71283) WS: Turning the LED ON![0m
[0;32mI (72283) WS: Turning the LED OFF![0m
[0;32mI (73283) WS: Turning the LED ON![0m
[0;32mI (74283) WS: Turning the LED OFF![0m
[0;32mI (75283) WS: Turning the LED ON![0m
[0;32mI (76283) WS: Turning the LED OFF![0m
[0;32mI (77283) WS: Turning the LED ON![0m
[0;32mI (78283) WS: Turning the LED OFF![0m
[0;32mI (79283) WS: Turning the LED ON![0m
[0;32mI (80283) WS: Turning the LED OFF![0m
[0;32mI (81283) WS: Turning the LED ON![0m
[0;32mI (82283) WS: Turning the LED OFF![0m
[0;32mI (83283) WS: Turning the LED ON![0m
[0;32mI (84283) WS: Turning the LED OFF![0m
[0;32mI (85283) WS: Turning the LED ON![0m
[0;32mI (86283) WS: Turning the LED OFF![0m
[0;32mI (87283) WS: Turning the LED ON![0m
[0;32mI (88283) WS: Turning the LED OFF![0m
[0;32mI (89283) WS: Turning the LED ON![0m
[0;32mI (90283) WS: Turning the LED OFF![0m
[0;32mI (91283) WS: Turning the LED ON![0m
[0;32mI (92283) WS: Turning the LED OFF![0m
[0;32mI (93283) WS: Turning the LED ON![0m
[0;32mI (94283) WS: Turning the LED OFF![0m
[0;32mI (95283) WS: Turning the LED ON![0m
[0;32mI (96283) WS: Turning the LED OFF![0m
[0;32mI (97283) WS: Turning the LED ON![0m
[0;32mI (98283) WS: Turning the LED OFF![0m
[0;32mI (99283) WS: Turning the LED ON![0m
[0;32mI (100283) WS: 